// Jest Snapshot v1, https://goo.gl/fbAQLP

exports[`CountryDetails renders correctly 1`] = `null`;
